C:/TouchGFXProjects/NeuroBlink/Core/Src/main.c:820:6:StartDefaultTask	1
C:/TouchGFXProjects/NeuroBlink/Core/Src/main.c:140:6:HAL_UARTEx_RxEventCallback	2
C:/TouchGFXProjects/NeuroBlink/Core/Src/main.c:271:6:SystemClock_Config	1
C:/TouchGFXProjects/NeuroBlink/Core/Src/main.c:751:6:GetManufacturerId	1
C:/TouchGFXProjects/NeuroBlink/Core/Src/main.c:781:6:EnableMemoryMappedMode	1
C:/TouchGFXProjects/NeuroBlink/Core/Src/main.c:158:5:main	4
C:/TouchGFXProjects/NeuroBlink/Core/Src/main.c:877:6:HAL_TIM_PeriodElapsedCallback	2
C:/TouchGFXProjects/NeuroBlink/Core/Src/main.c:895:6:Error_Handler	1
