C:/TouchGFXProjects/sim/Core/Src/main.c:820:6:StartDefaultTask	8	static
C:/TouchGFXProjects/sim/Core/Src/main.c:140:6:HAL_UARTEx_RxEventCallback	32	static
C:/TouchGFXProjects/sim/Core/Src/main.c:271:6:SystemClock_Config	88	static
C:/TouchGFXProjects/sim/Core/Src/main.c:751:6:GetManufacturerId	72	static
C:/TouchGFXProjects/sim/Core/Src/main.c:781:6:EnableMemoryMappedMode	72	static
C:/TouchGFXProjects/sim/Core/Src/main.c:158:5:main	120	static,ignoring_inline_asm
C:/TouchGFXProjects/sim/Core/Src/main.c:877:6:HAL_TIM_PeriodElapsedCallback	0	static
C:/TouchGFXProjects/sim/Core/Src/main.c:895:6:Error_Handler	0	static
